(c) Copyright 2012-2018 Xilinx, Inc. All Rights Reserved.
#-----------------------------------------------------------
# Tool version  : sdscc 2018.2 SW Build 2258646 on Thu Jun 14 20:04:27 MDT 2018
# Start time    : Thu Jan 03 20:34:20 -0500 2019
# Command line  : sdscc -Wall -O0 -g -I../src {-IC:\Users\TimothyDuke\workspace\Arty_Z7_20\export\Arty_Z7_20/sw/FreeRTOS/FreeRTOS/inc/include_bsp} -c -fmessage-length=0 -MTsrc/DataManager.o -MMD -MP -MFsrc/DataManager.d -MTsrc/DataManager.o -o src/DataManager.o ../src/DataManager.c -sds-sys-config FreeRTOS -sds-proc FreeRTOS -sds-pf {C:\Users\TimothyDuke\workspace\Arty_Z7_20\export\Arty_Z7_20}
# Log file      : C:/Users/TimothyDuke/workspace/ArtyFreeTest/Debug/_sds/reports/sds_DataManager.log
# Journal file  : C:/Users/TimothyDuke/workspace/ArtyFreeTest/Debug/_sds/reports/sds_DataManager.jou
# Report file   : C:/Users/TimothyDuke/workspace/ArtyFreeTest/Debug/_sds/reports/sds_DataManager.rpt
#-----------------------------------------------------------

#-----------------------------------------------------------
# This file contains undocumented internal commands and is
# provided for diagnostic purposes. To reproduce the results
# of this run, please run the sdscc command line above again.
#-----------------------------------------------------------

# Create data motion intermediate representation
E:/SDSoC/SDx/2018.2/bin/clang_wrapper -I../src {-IC:\Users\TimothyDuke\workspace\Arty_Z7_20\export\Arty_Z7_20/sw/FreeRTOS/FreeRTOS/inc/include_bsp} -Wall -g -fmessage-length=0 -MMD -MP -D __SDSCC__ -target arm-none-eabi -mcpu=cortex-a9 -mfpu=vfpv3 -O0 -g    -I C:/Users/TimothyDuke/workspace/Arty_Z7_20/export/Arty_Z7_20/sw/FreeRTOS/FreeRTOS/inc/include_bsp  -I E:/SDSoC/SDx/2018.2/target/aarch32-none/include  -D HLS_NO_XIL_FPO_LIB  -I E:/SDSoC/Vivado/2018.2/include   -IE:/SDSoC/SDK/2018.2/gnu/aarch32/nt/gcc-arm-none-eabi/lib/gcc/arm-none-eabi/7.2.1/include -IE:/SDSoC/SDK/2018.2/gnu/aarch32/nt/gcc-arm-none-eabi/lib/gcc/arm-none-eabi/7.2.1/include-fixed -IE:/SDSoC/SDK/2018.2/gnu/aarch32/nt/gcc-arm-none-eabi/arm-none-eabi/include -IE:/SDSoC/SDK/2018.2/gnu/aarch32/nt/gcc-arm-none-eabi/arm-none-eabi/libc/usr/include -emit-llvm -S C:/Users/TimothyDuke/workspace/ArtyFreeTest/src/DataManager.c -o C:/Users/TimothyDuke/workspace/ArtyFreeTest/Debug/_sds/.llvm/src/DataManager.s
# Compiling C:/Users/TimothyDuke/workspace/ArtyFreeTest/src/DataManager.c
arm-none-eabi-gcc -c -I../src {-IC:\Users\TimothyDuke\workspace\Arty_Z7_20\export\Arty_Z7_20/sw/FreeRTOS/FreeRTOS/inc/include_bsp} -Wall -O0 -g -fmessage-length=0 -MMD -MP -D __SDSCC__ -MTC:/Users/TimothyDuke/workspace/ArtyFreeTest/Debug/src/DataManager.o -MFC:/Users/TimothyDuke/workspace/ArtyFreeTest/Debug/src/DataManager.d -MTC:/Users/TimothyDuke/workspace/ArtyFreeTest/Debug/src/DataManager.o -mcpu=cortex-a9 -mfpu=vfpv3 -mfloat-abi=hard   -I C:/Users/TimothyDuke/workspace/Arty_Z7_20/export/Arty_Z7_20/sw/FreeRTOS/FreeRTOS/inc/include_bsp  -I E:/SDSoC/SDx/2018.2/target/aarch32-none/include  -D HLS_NO_XIL_FPO_LIB  -I E:/SDSoC/Vivado/2018.2/include C:/Users/TimothyDuke/workspace/ArtyFreeTest/src/DataManager.c -o src/DataManager.o
arm-none-eabi-objcopy --add-section .xdsdata=C:/Users/TimothyDuke/workspace/ArtyFreeTest/Debug/_sds/swstubs/DataManager.o.xml src/DataManager.o
# sdscc completed at Thu Jan 03 20:34:54 -0500 2019
